#! /usr/bin/vvp
:ivl_version "12.0 (stable)";
:ivl_delay_selection "TYPICAL";
:vpi_time_precision + 0;
:vpi_module "/usr/lib/x86_64-linux-gnu/ivl/system.vpi";
:vpi_module "/usr/lib/x86_64-linux-gnu/ivl/vhdl_sys.vpi";
:vpi_module "/usr/lib/x86_64-linux-gnu/ivl/vhdl_textio.vpi";
:vpi_module "/usr/lib/x86_64-linux-gnu/ivl/v2005_math.vpi";
:vpi_module "/usr/lib/x86_64-linux-gnu/ivl/va_math.vpi";
S_0x62f679a39540 .scope module, "testbench" "testbench" 2 1;
 .timescale 0 0;
v0x62f679a891f0_0 .var "inputs", 9 0;
v0x62f679a892d0_0 .net "outputs", 4 0, v0x62f679a87520_0;  1 drivers
v0x62f679a893e0_0 .var "w10", 9 0;
v0x62f679a89480_0 .var "w11", 9 0;
v0x62f679a89540_0 .var "w12", 9 0;
v0x62f679a89650_0 .var "w13", 9 0;
v0x62f679a89710_0 .var "w14", 9 0;
v0x62f679a897d0_0 .var "w15", 9 0;
v0x62f679a89890_0 .var "w16", 9 0;
v0x62f679a89950_0 .var "w17", 9 0;
v0x62f679a89a10_0 .var "w18", 9 0;
v0x62f679a89ad0_0 .var "w19", 9 0;
v0x62f679a89b90_0 .var "w20", 9 0;
v0x62f679a89c50_0 .var "w21", 9 0;
v0x62f679a89d10_0 .var "w22", 9 0;
v0x62f679a89dd0_0 .var "w23", 9 0;
v0x62f679a89e90_0 .var "w24", 9 0;
S_0x62f679a396d0 .scope module, "bnn_inst" "BNN" 2 7, 3 1 0, S_0x62f679a39540;
 .timescale 0 0;
    .port_info 0 /INPUT 10 "inputs";
    .port_info 1 /INPUT 10 "w10";
    .port_info 2 /INPUT 10 "w11";
    .port_info 3 /INPUT 10 "w12";
    .port_info 4 /INPUT 10 "w13";
    .port_info 5 /INPUT 10 "w14";
    .port_info 6 /INPUT 10 "w15";
    .port_info 7 /INPUT 10 "w16";
    .port_info 8 /INPUT 10 "w17";
    .port_info 9 /INPUT 10 "w18";
    .port_info 10 /INPUT 10 "w19";
    .port_info 11 /INPUT 10 "w20";
    .port_info 12 /INPUT 10 "w21";
    .port_info 13 /INPUT 10 "w22";
    .port_info 14 /INPUT 10 "w23";
    .port_info 15 /INPUT 10 "w24";
    .port_info 16 /OUTPUT 5 "outputs";
v0x62f679a87d60_0 .net "inputs", 9 0, v0x62f679a891f0_0;  1 drivers
v0x62f679a87e40_0 .net "layer1_out", 9 0, v0x62f679a83dc0_0;  1 drivers
v0x62f679a87f00_0 .net "outputs", 4 0, v0x62f679a87520_0;  alias, 1 drivers
v0x62f679a88000_0 .net "w10", 9 0, v0x62f679a893e0_0;  1 drivers
v0x62f679a880f0_0 .net "w11", 9 0, v0x62f679a89480_0;  1 drivers
v0x62f679a88250_0 .net "w12", 9 0, v0x62f679a89540_0;  1 drivers
v0x62f679a88360_0 .net "w13", 9 0, v0x62f679a89650_0;  1 drivers
v0x62f679a88470_0 .net "w14", 9 0, v0x62f679a89710_0;  1 drivers
v0x62f679a88580_0 .net "w15", 9 0, v0x62f679a897d0_0;  1 drivers
v0x62f679a88640_0 .net "w16", 9 0, v0x62f679a89890_0;  1 drivers
v0x62f679a88750_0 .net "w17", 9 0, v0x62f679a89950_0;  1 drivers
v0x62f679a88860_0 .net "w18", 9 0, v0x62f679a89a10_0;  1 drivers
v0x62f679a88970_0 .net "w19", 9 0, v0x62f679a89ad0_0;  1 drivers
v0x62f679a88a80_0 .net "w20", 9 0, v0x62f679a89b90_0;  1 drivers
v0x62f679a88b90_0 .net "w21", 9 0, v0x62f679a89c50_0;  1 drivers
v0x62f679a88ca0_0 .net "w22", 9 0, v0x62f679a89d10_0;  1 drivers
v0x62f679a88db0_0 .net "w23", 9 0, v0x62f679a89dd0_0;  1 drivers
v0x62f679a88ec0_0 .net "w24", 9 0, v0x62f679a89e90_0;  1 drivers
S_0x62f679a42d10 .scope module, "l1" "layer1" 3 25, 4 1 0, S_0x62f679a396d0;
 .timescale 0 0;
    .port_info 0 /INPUT 10 "inputs";
    .port_info 1 /INPUT 10 "w0";
    .port_info 2 /INPUT 10 "w1";
    .port_info 3 /INPUT 10 "w2";
    .port_info 4 /INPUT 10 "w3";
    .port_info 5 /INPUT 10 "w4";
    .port_info 6 /INPUT 10 "w5";
    .port_info 7 /INPUT 10 "w6";
    .port_info 8 /INPUT 10 "w7";
    .port_info 9 /INPUT 10 "w8";
    .port_info 10 /INPUT 10 "w9";
    .port_info 11 /OUTPUT 10 "activations";
v0x62f679a83dc0_0 .var "activations", 9 0;
v0x62f679a83ea0_0 .net "inputs", 9 0, v0x62f679a891f0_0;  alias, 1 drivers
v0x62f679a83f60 .array "sums", 0 9;
v0x62f679a83f60_0 .net/s v0x62f679a83f60 0, 4 0, v0x62f679a7f8d0_0; 1 drivers
v0x62f679a83f60_1 .net/s v0x62f679a83f60 1, 4 0, v0x62f679a7ffc0_0; 1 drivers
v0x62f679a83f60_2 .net/s v0x62f679a83f60 2, 4 0, v0x62f679a80720_0; 1 drivers
v0x62f679a83f60_3 .net/s v0x62f679a83f60 3, 4 0, v0x62f679a80e40_0; 1 drivers
v0x62f679a83f60_4 .net/s v0x62f679a83f60 4, 4 0, v0x62f679a815b0_0; 1 drivers
v0x62f679a83f60_5 .net/s v0x62f679a83f60 5, 4 0, v0x62f679a81cf0_0; 1 drivers
v0x62f679a83f60_6 .net/s v0x62f679a83f60 6, 4 0, v0x62f679a82480_0; 1 drivers
v0x62f679a83f60_7 .net/s v0x62f679a83f60 7, 4 0, v0x62f679a82c10_0; 1 drivers
v0x62f679a83f60_8 .net/s v0x62f679a83f60 8, 4 0, v0x62f679a833e0_0; 1 drivers
v0x62f679a83f60_9 .net/s v0x62f679a83f60 9, 4 0, v0x62f679a83b70_0; 1 drivers
v0x62f679a84270_0 .net "w0", 9 0, v0x62f679a893e0_0;  alias, 1 drivers
v0x62f679a84340_0 .net "w1", 9 0, v0x62f679a89480_0;  alias, 1 drivers
v0x62f679a84430_0 .net "w2", 9 0, v0x62f679a89540_0;  alias, 1 drivers
v0x62f679a84500_0 .net "w3", 9 0, v0x62f679a89650_0;  alias, 1 drivers
v0x62f679a845d0_0 .net "w4", 9 0, v0x62f679a89710_0;  alias, 1 drivers
v0x62f679a846a0_0 .net "w5", 9 0, v0x62f679a897d0_0;  alias, 1 drivers
v0x62f679a84770_0 .net "w6", 9 0, v0x62f679a89890_0;  alias, 1 drivers
v0x62f679a84840_0 .net "w7", 9 0, v0x62f679a89950_0;  alias, 1 drivers
v0x62f679a84910_0 .net "w8", 9 0, v0x62f679a89a10_0;  alias, 1 drivers
v0x62f679a849e0_0 .net "w9", 9 0, v0x62f679a89ad0_0;  alias, 1 drivers
E_0x62f679a37030/0 .event anyedge, v0x62f679a7f8d0_0, v0x62f679a7ffc0_0, v0x62f679a80720_0, v0x62f679a80e40_0;
E_0x62f679a37030/1 .event anyedge, v0x62f679a815b0_0, v0x62f679a81cf0_0, v0x62f679a82480_0, v0x62f679a82c10_0;
E_0x62f679a37030/2 .event anyedge, v0x62f679a833e0_0, v0x62f679a83b70_0;
E_0x62f679a37030 .event/or E_0x62f679a37030/0, E_0x62f679a37030/1, E_0x62f679a37030/2;
S_0x62f6799f5490 .scope module, "ws0" "weighted_sum" 4 18, 5 1 0, S_0x62f679a42d10;
 .timescale 0 0;
    .port_info 0 /INPUT 10 "inputs";
    .port_info 1 /INPUT 10 "weights";
    .port_info 2 /OUTPUT 5 "sum";
P_0x62f6799f5670 .param/l "N" 0 5 2, +C4<00000000000000000000000000001010>;
v0x62f6799f5760_0 .var/i "i", 31 0;
v0x62f679a7f7f0_0 .net "inputs", 9 0, v0x62f679a891f0_0;  alias, 1 drivers
v0x62f679a7f8d0_0 .var/s "sum", 4 0;
v0x62f679a7f990_0 .net "weights", 9 0, v0x62f679a893e0_0;  alias, 1 drivers
E_0x62f679a374a0 .event anyedge, v0x62f679a7f8d0_0, v0x62f679a7f7f0_0, v0x62f679a7f990_0;
S_0x62f679a7faf0 .scope module, "ws1" "weighted_sum" 4 19, 5 1 0, S_0x62f679a42d10;
 .timescale 0 0;
    .port_info 0 /INPUT 10 "inputs";
    .port_info 1 /INPUT 10 "weights";
    .port_info 2 /OUTPUT 5 "sum";
P_0x62f679a7fcd0 .param/l "N" 0 5 2, +C4<00000000000000000000000000001010>;
v0x62f679a7fe00_0 .var/i "i", 31 0;
v0x62f679a7ff00_0 .net "inputs", 9 0, v0x62f679a891f0_0;  alias, 1 drivers
v0x62f679a7ffc0_0 .var/s "sum", 4 0;
v0x62f679a80060_0 .net "weights", 9 0, v0x62f679a89480_0;  alias, 1 drivers
E_0x62f679a37910 .event anyedge, v0x62f679a7ffc0_0, v0x62f679a7f7f0_0, v0x62f679a80060_0;
S_0x62f679a801c0 .scope module, "ws2" "weighted_sum" 4 20, 5 1 0, S_0x62f679a42d10;
 .timescale 0 0;
    .port_info 0 /INPUT 10 "inputs";
    .port_info 1 /INPUT 10 "weights";
    .port_info 2 /OUTPUT 5 "sum";
P_0x62f679a803d0 .param/l "N" 0 5 2, +C4<00000000000000000000000000001010>;
v0x62f679a80510_0 .var/i "i", 31 0;
v0x62f679a80610_0 .net "inputs", 9 0, v0x62f679a891f0_0;  alias, 1 drivers
v0x62f679a80720_0 .var/s "sum", 4 0;
v0x62f679a807e0_0 .net "weights", 9 0, v0x62f679a89540_0;  alias, 1 drivers
E_0x62f679a19310 .event anyedge, v0x62f679a80720_0, v0x62f679a7f7f0_0, v0x62f679a807e0_0;
S_0x62f679a80940 .scope module, "ws3" "weighted_sum" 4 21, 5 1 0, S_0x62f679a42d10;
 .timescale 0 0;
    .port_info 0 /INPUT 10 "inputs";
    .port_info 1 /INPUT 10 "weights";
    .port_info 2 /OUTPUT 5 "sum";
P_0x62f679a80b20 .param/l "N" 0 5 2, +C4<00000000000000000000000000001010>;
v0x62f679a80c80_0 .var/i "i", 31 0;
v0x62f679a80d80_0 .net "inputs", 9 0, v0x62f679a891f0_0;  alias, 1 drivers
v0x62f679a80e40_0 .var/s "sum", 4 0;
v0x62f679a80f30_0 .net "weights", 9 0, v0x62f679a89650_0;  alias, 1 drivers
E_0x62f679a62af0 .event anyedge, v0x62f679a80e40_0, v0x62f679a7f7f0_0, v0x62f679a80f30_0;
S_0x62f679a81090 .scope module, "ws4" "weighted_sum" 4 22, 5 1 0, S_0x62f679a42d10;
 .timescale 0 0;
    .port_info 0 /INPUT 10 "inputs";
    .port_info 1 /INPUT 10 "weights";
    .port_info 2 /OUTPUT 5 "sum";
P_0x62f679a812c0 .param/l "N" 0 5 2, +C4<00000000000000000000000000001010>;
v0x62f679a813f0_0 .var/i "i", 31 0;
v0x62f679a814f0_0 .net "inputs", 9 0, v0x62f679a891f0_0;  alias, 1 drivers
v0x62f679a815b0_0 .var/s "sum", 4 0;
v0x62f679a816a0_0 .net "weights", 9 0, v0x62f679a89710_0;  alias, 1 drivers
E_0x62f679a62b30 .event anyedge, v0x62f679a815b0_0, v0x62f679a7f7f0_0, v0x62f679a816a0_0;
S_0x62f679a81800 .scope module, "ws5" "weighted_sum" 4 23, 5 1 0, S_0x62f679a42d10;
 .timescale 0 0;
    .port_info 0 /INPUT 10 "inputs";
    .port_info 1 /INPUT 10 "weights";
    .port_info 2 /OUTPUT 5 "sum";
P_0x62f679a81990 .param/l "N" 0 5 2, +C4<00000000000000000000000000001010>;
v0x62f679a81b30_0 .var/i "i", 31 0;
v0x62f679a81c30_0 .net "inputs", 9 0, v0x62f679a891f0_0;  alias, 1 drivers
v0x62f679a81cf0_0 .var/s "sum", 4 0;
v0x62f679a81de0_0 .net "weights", 9 0, v0x62f679a897d0_0;  alias, 1 drivers
E_0x62f679a81ab0 .event anyedge, v0x62f679a81cf0_0, v0x62f679a7f7f0_0, v0x62f679a81de0_0;
S_0x62f679a81f40 .scope module, "ws6" "weighted_sum" 4 24, 5 1 0, S_0x62f679a42d10;
 .timescale 0 0;
    .port_info 0 /INPUT 10 "inputs";
    .port_info 1 /INPUT 10 "weights";
    .port_info 2 /OUTPUT 5 "sum";
P_0x62f679a82120 .param/l "N" 0 5 2, +C4<00000000000000000000000000001010>;
v0x62f679a822c0_0 .var/i "i", 31 0;
v0x62f679a823c0_0 .net "inputs", 9 0, v0x62f679a891f0_0;  alias, 1 drivers
v0x62f679a82480_0 .var/s "sum", 4 0;
v0x62f679a82570_0 .net "weights", 9 0, v0x62f679a89890_0;  alias, 1 drivers
E_0x62f679a82240 .event anyedge, v0x62f679a82480_0, v0x62f679a7f7f0_0, v0x62f679a82570_0;
S_0x62f679a826d0 .scope module, "ws7" "weighted_sum" 4 25, 5 1 0, S_0x62f679a42d10;
 .timescale 0 0;
    .port_info 0 /INPUT 10 "inputs";
    .port_info 1 /INPUT 10 "weights";
    .port_info 2 /OUTPUT 5 "sum";
P_0x62f679a828b0 .param/l "N" 0 5 2, +C4<00000000000000000000000000001010>;
v0x62f679a82a50_0 .var/i "i", 31 0;
v0x62f679a82b50_0 .net "inputs", 9 0, v0x62f679a891f0_0;  alias, 1 drivers
v0x62f679a82c10_0 .var/s "sum", 4 0;
v0x62f679a82d00_0 .net "weights", 9 0, v0x62f679a89950_0;  alias, 1 drivers
E_0x62f679a829d0 .event anyedge, v0x62f679a82c10_0, v0x62f679a7f7f0_0, v0x62f679a82d00_0;
S_0x62f679a82e60 .scope module, "ws8" "weighted_sum" 4 26, 5 1 0, S_0x62f679a42d10;
 .timescale 0 0;
    .port_info 0 /INPUT 10 "inputs";
    .port_info 1 /INPUT 10 "weights";
    .port_info 2 /OUTPUT 5 "sum";
P_0x62f679a81270 .param/l "N" 0 5 2, +C4<00000000000000000000000000001010>;
v0x62f679a83220_0 .var/i "i", 31 0;
v0x62f679a83320_0 .net "inputs", 9 0, v0x62f679a891f0_0;  alias, 1 drivers
v0x62f679a833e0_0 .var/s "sum", 4 0;
v0x62f679a834d0_0 .net "weights", 9 0, v0x62f679a89a10_0;  alias, 1 drivers
E_0x62f679a831a0 .event anyedge, v0x62f679a833e0_0, v0x62f679a7f7f0_0, v0x62f679a834d0_0;
S_0x62f679a83630 .scope module, "ws9" "weighted_sum" 4 27, 5 1 0, S_0x62f679a42d10;
 .timescale 0 0;
    .port_info 0 /INPUT 10 "inputs";
    .port_info 1 /INPUT 10 "weights";
    .port_info 2 /OUTPUT 5 "sum";
P_0x62f679a83810 .param/l "N" 0 5 2, +C4<00000000000000000000000000001010>;
v0x62f679a839b0_0 .var/i "i", 31 0;
v0x62f679a83ab0_0 .net "inputs", 9 0, v0x62f679a891f0_0;  alias, 1 drivers
v0x62f679a83b70_0 .var/s "sum", 4 0;
v0x62f679a83c60_0 .net "weights", 9 0, v0x62f679a89ad0_0;  alias, 1 drivers
E_0x62f679a83930 .event anyedge, v0x62f679a83b70_0, v0x62f679a7f7f0_0, v0x62f679a83c60_0;
S_0x62f679a84b60 .scope module, "l2" "layer2" 3 40, 6 1 0, S_0x62f679a396d0;
 .timescale 0 0;
    .port_info 0 /INPUT 10 "inputs";
    .port_info 1 /INPUT 10 "w0";
    .port_info 2 /INPUT 10 "w1";
    .port_info 3 /INPUT 10 "w2";
    .port_info 4 /INPUT 10 "w3";
    .port_info 5 /INPUT 10 "w4";
    .port_info 6 /OUTPUT 5 "activations";
v0x62f679a87520_0 .var "activations", 4 0;
v0x62f679a87600_0 .net "inputs", 9 0, v0x62f679a83dc0_0;  alias, 1 drivers
v0x62f679a876c0 .array "sums", 0 4;
v0x62f679a876c0_0 .net/s v0x62f679a876c0 0, 4 0, v0x62f679a85420_0; 1 drivers
v0x62f679a876c0_1 .net/s v0x62f679a876c0 1, 4 0, v0x62f679a85be0_0; 1 drivers
v0x62f679a876c0_2 .net/s v0x62f679a876c0 2, 4 0, v0x62f679a86350_0; 1 drivers
v0x62f679a876c0_3 .net/s v0x62f679a876c0 3, 4 0, v0x62f679a86ae0_0; 1 drivers
v0x62f679a876c0_4 .net/s v0x62f679a876c0 4, 4 0, v0x62f679a872d0_0; 1 drivers
v0x62f679a878b0_0 .net "w0", 9 0, v0x62f679a89b90_0;  alias, 1 drivers
v0x62f679a87980_0 .net "w1", 9 0, v0x62f679a89c50_0;  alias, 1 drivers
v0x62f679a87a70_0 .net "w2", 9 0, v0x62f679a89d10_0;  alias, 1 drivers
v0x62f679a87b40_0 .net "w3", 9 0, v0x62f679a89dd0_0;  alias, 1 drivers
v0x62f679a87c10_0 .net "w4", 9 0, v0x62f679a89e90_0;  alias, 1 drivers
E_0x62f679a84e00/0 .event anyedge, v0x62f679a85420_0, v0x62f679a85be0_0, v0x62f679a86350_0, v0x62f679a86ae0_0;
E_0x62f679a84e00/1 .event anyedge, v0x62f679a872d0_0;
E_0x62f679a84e00 .event/or E_0x62f679a84e00/0, E_0x62f679a84e00/1;
S_0x62f679a84e70 .scope module, "ws0" "weighted_sum" 6 8, 5 1 0, S_0x62f679a84b60;
 .timescale 0 0;
    .port_info 0 /INPUT 10 "inputs";
    .port_info 1 /INPUT 10 "weights";
    .port_info 2 /OUTPUT 5 "sum";
P_0x62f679a85070 .param/l "N" 0 5 2, +C4<00000000000000000000000000001010>;
v0x62f679a85230_0 .var/i "i", 31 0;
v0x62f679a85330_0 .net "inputs", 9 0, v0x62f679a83dc0_0;  alias, 1 drivers
v0x62f679a85420_0 .var/s "sum", 4 0;
v0x62f679a854f0_0 .net "weights", 9 0, v0x62f679a89b90_0;  alias, 1 drivers
E_0x62f679a851b0 .event anyedge, v0x62f679a85420_0, v0x62f679a83dc0_0, v0x62f679a854f0_0;
S_0x62f679a85650 .scope module, "ws1" "weighted_sum" 6 9, 5 1 0, S_0x62f679a84b60;
 .timescale 0 0;
    .port_info 0 /INPUT 10 "inputs";
    .port_info 1 /INPUT 10 "weights";
    .port_info 2 /OUTPUT 5 "sum";
P_0x62f679a85830 .param/l "N" 0 5 2, +C4<00000000000000000000000000001010>;
v0x62f679a859d0_0 .var/i "i", 31 0;
v0x62f679a85ad0_0 .net "inputs", 9 0, v0x62f679a83dc0_0;  alias, 1 drivers
v0x62f679a85be0_0 .var/s "sum", 4 0;
v0x62f679a85ca0_0 .net "weights", 9 0, v0x62f679a89c50_0;  alias, 1 drivers
E_0x62f679a85950 .event anyedge, v0x62f679a85be0_0, v0x62f679a83dc0_0, v0x62f679a85ca0_0;
S_0x62f679a85e00 .scope module, "ws2" "weighted_sum" 6 10, 5 1 0, S_0x62f679a84b60;
 .timescale 0 0;
    .port_info 0 /INPUT 10 "inputs";
    .port_info 1 /INPUT 10 "weights";
    .port_info 2 /OUTPUT 5 "sum";
P_0x62f679a86010 .param/l "N" 0 5 2, +C4<00000000000000000000000000001010>;
v0x62f679a86190_0 .var/i "i", 31 0;
v0x62f679a86290_0 .net "inputs", 9 0, v0x62f679a83dc0_0;  alias, 1 drivers
v0x62f679a86350_0 .var/s "sum", 4 0;
v0x62f679a86440_0 .net "weights", 9 0, v0x62f679a89d10_0;  alias, 1 drivers
E_0x62f679a86130 .event anyedge, v0x62f679a86350_0, v0x62f679a83dc0_0, v0x62f679a86440_0;
S_0x62f679a865a0 .scope module, "ws3" "weighted_sum" 6 11, 5 1 0, S_0x62f679a84b60;
 .timescale 0 0;
    .port_info 0 /INPUT 10 "inputs";
    .port_info 1 /INPUT 10 "weights";
    .port_info 2 /OUTPUT 5 "sum";
P_0x62f679a86780 .param/l "N" 0 5 2, +C4<00000000000000000000000000001010>;
v0x62f679a86920_0 .var/i "i", 31 0;
v0x62f679a86a20_0 .net "inputs", 9 0, v0x62f679a83dc0_0;  alias, 1 drivers
v0x62f679a86ae0_0 .var/s "sum", 4 0;
v0x62f679a86bd0_0 .net "weights", 9 0, v0x62f679a89dd0_0;  alias, 1 drivers
E_0x62f679a868a0 .event anyedge, v0x62f679a86ae0_0, v0x62f679a83dc0_0, v0x62f679a86bd0_0;
S_0x62f679a86d30 .scope module, "ws4" "weighted_sum" 6 12, 5 1 0, S_0x62f679a84b60;
 .timescale 0 0;
    .port_info 0 /INPUT 10 "inputs";
    .port_info 1 /INPUT 10 "weights";
    .port_info 2 /OUTPUT 5 "sum";
P_0x62f679a86f10 .param/l "N" 0 5 2, +C4<00000000000000000000000000001010>;
v0x62f679a87110_0 .var/i "i", 31 0;
v0x62f679a87210_0 .net "inputs", 9 0, v0x62f679a83dc0_0;  alias, 1 drivers
v0x62f679a872d0_0 .var/s "sum", 4 0;
v0x62f679a873c0_0 .net "weights", 9 0, v0x62f679a89e90_0;  alias, 1 drivers
E_0x62f679a87090 .event anyedge, v0x62f679a872d0_0, v0x62f679a83dc0_0, v0x62f679a873c0_0;
    .scope S_0x62f6799f5490;
T_0 ;
    %wait E_0x62f679a374a0;
    %pushi/vec4 0, 0, 5;
    %store/vec4 v0x62f679a7f8d0_0, 0, 5;
    %pushi/vec4 0, 0, 32;
    %store/vec4 v0x62f6799f5760_0, 0, 32;
T_0.0 ;
    %load/vec4 v0x62f6799f5760_0;
    %cmpi/s 10, 0, 32;
    %jmp/0xz T_0.1, 5;
    %load/vec4 v0x62f679a7f8d0_0;
    %load/vec4 v0x62f679a7f7f0_0;
    %load/vec4 v0x62f6799f5760_0;
    %part/s 1;
    %pad/u 5;
    %load/vec4 v0x62f679a7f990_0;
    %load/vec4 v0x62f6799f5760_0;
    %part/s 1;
    %pad/u 5;
    %xnor;
    %add;
    %store/vec4 v0x62f679a7f8d0_0, 0, 5;
    %load/vec4 v0x62f6799f5760_0;
    %addi 1, 0, 32;
    %store/vec4 v0x62f6799f5760_0, 0, 32;
    %jmp T_0.0;
T_0.1 ;
    %jmp T_0;
    .thread T_0, $push;
    .scope S_0x62f679a7faf0;
T_1 ;
    %wait E_0x62f679a37910;
    %pushi/vec4 0, 0, 5;
    %store/vec4 v0x62f679a7ffc0_0, 0, 5;
    %pushi/vec4 0, 0, 32;
    %store/vec4 v0x62f679a7fe00_0, 0, 32;
T_1.0 ;
    %load/vec4 v0x62f679a7fe00_0;
    %cmpi/s 10, 0, 32;
    %jmp/0xz T_1.1, 5;
    %load/vec4 v0x62f679a7ffc0_0;
    %load/vec4 v0x62f679a7ff00_0;
    %load/vec4 v0x62f679a7fe00_0;
    %part/s 1;
    %pad/u 5;
    %load/vec4 v0x62f679a80060_0;
    %load/vec4 v0x62f679a7fe00_0;
    %part/s 1;
    %pad/u 5;
    %xnor;
    %add;
    %store/vec4 v0x62f679a7ffc0_0, 0, 5;
    %load/vec4 v0x62f679a7fe00_0;
    %addi 1, 0, 32;
    %store/vec4 v0x62f679a7fe00_0, 0, 32;
    %jmp T_1.0;
T_1.1 ;
    %jmp T_1;
    .thread T_1, $push;
    .scope S_0x62f679a801c0;
T_2 ;
    %wait E_0x62f679a19310;
    %pushi/vec4 0, 0, 5;
    %store/vec4 v0x62f679a80720_0, 0, 5;
    %pushi/vec4 0, 0, 32;
    %store/vec4 v0x62f679a80510_0, 0, 32;
T_2.0 ;
    %load/vec4 v0x62f679a80510_0;
    %cmpi/s 10, 0, 32;
    %jmp/0xz T_2.1, 5;
    %load/vec4 v0x62f679a80720_0;
    %load/vec4 v0x62f679a80610_0;
    %load/vec4 v0x62f679a80510_0;
    %part/s 1;
    %pad/u 5;
    %load/vec4 v0x62f679a807e0_0;
    %load/vec4 v0x62f679a80510_0;
    %part/s 1;
    %pad/u 5;
    %xnor;
    %add;
    %store/vec4 v0x62f679a80720_0, 0, 5;
    %load/vec4 v0x62f679a80510_0;
    %addi 1, 0, 32;
    %store/vec4 v0x62f679a80510_0, 0, 32;
    %jmp T_2.0;
T_2.1 ;
    %jmp T_2;
    .thread T_2, $push;
    .scope S_0x62f679a80940;
T_3 ;
    %wait E_0x62f679a62af0;
    %pushi/vec4 0, 0, 5;
    %store/vec4 v0x62f679a80e40_0, 0, 5;
    %pushi/vec4 0, 0, 32;
    %store/vec4 v0x62f679a80c80_0, 0, 32;
T_3.0 ;
    %load/vec4 v0x62f679a80c80_0;
    %cmpi/s 10, 0, 32;
    %jmp/0xz T_3.1, 5;
    %load/vec4 v0x62f679a80e40_0;
    %load/vec4 v0x62f679a80d80_0;
    %load/vec4 v0x62f679a80c80_0;
    %part/s 1;
    %pad/u 5;
    %load/vec4 v0x62f679a80f30_0;
    %load/vec4 v0x62f679a80c80_0;
    %part/s 1;
    %pad/u 5;
    %xnor;
    %add;
    %store/vec4 v0x62f679a80e40_0, 0, 5;
    %load/vec4 v0x62f679a80c80_0;
    %addi 1, 0, 32;
    %store/vec4 v0x62f679a80c80_0, 0, 32;
    %jmp T_3.0;
T_3.1 ;
    %jmp T_3;
    .thread T_3, $push;
    .scope S_0x62f679a81090;
T_4 ;
    %wait E_0x62f679a62b30;
    %pushi/vec4 0, 0, 5;
    %store/vec4 v0x62f679a815b0_0, 0, 5;
    %pushi/vec4 0, 0, 32;
    %store/vec4 v0x62f679a813f0_0, 0, 32;
T_4.0 ;
    %load/vec4 v0x62f679a813f0_0;
    %cmpi/s 10, 0, 32;
    %jmp/0xz T_4.1, 5;
    %load/vec4 v0x62f679a815b0_0;
    %load/vec4 v0x62f679a814f0_0;
    %load/vec4 v0x62f679a813f0_0;
    %part/s 1;
    %pad/u 5;
    %load/vec4 v0x62f679a816a0_0;
    %load/vec4 v0x62f679a813f0_0;
    %part/s 1;
    %pad/u 5;
    %xnor;
    %add;
    %store/vec4 v0x62f679a815b0_0, 0, 5;
    %load/vec4 v0x62f679a813f0_0;
    %addi 1, 0, 32;
    %store/vec4 v0x62f679a813f0_0, 0, 32;
    %jmp T_4.0;
T_4.1 ;
    %jmp T_4;
    .thread T_4, $push;
    .scope S_0x62f679a81800;
T_5 ;
    %wait E_0x62f679a81ab0;
    %pushi/vec4 0, 0, 5;
    %store/vec4 v0x62f679a81cf0_0, 0, 5;
    %pushi/vec4 0, 0, 32;
    %store/vec4 v0x62f679a81b30_0, 0, 32;
T_5.0 ;
    %load/vec4 v0x62f679a81b30_0;
    %cmpi/s 10, 0, 32;
    %jmp/0xz T_5.1, 5;
    %load/vec4 v0x62f679a81cf0_0;
    %load/vec4 v0x62f679a81c30_0;
    %load/vec4 v0x62f679a81b30_0;
    %part/s 1;
    %pad/u 5;
    %load/vec4 v0x62f679a81de0_0;
    %load/vec4 v0x62f679a81b30_0;
    %part/s 1;
    %pad/u 5;
    %xnor;
    %add;
    %store/vec4 v0x62f679a81cf0_0, 0, 5;
    %load/vec4 v0x62f679a81b30_0;
    %addi 1, 0, 32;
    %store/vec4 v0x62f679a81b30_0, 0, 32;
    %jmp T_5.0;
T_5.1 ;
    %jmp T_5;
    .thread T_5, $push;
    .scope S_0x62f679a81f40;
T_6 ;
    %wait E_0x62f679a82240;
    %pushi/vec4 0, 0, 5;
    %store/vec4 v0x62f679a82480_0, 0, 5;
    %pushi/vec4 0, 0, 32;
    %store/vec4 v0x62f679a822c0_0, 0, 32;
T_6.0 ;
    %load/vec4 v0x62f679a822c0_0;
    %cmpi/s 10, 0, 32;
    %jmp/0xz T_6.1, 5;
    %load/vec4 v0x62f679a82480_0;
    %load/vec4 v0x62f679a823c0_0;
    %load/vec4 v0x62f679a822c0_0;
    %part/s 1;
    %pad/u 5;
    %load/vec4 v0x62f679a82570_0;
    %load/vec4 v0x62f679a822c0_0;
    %part/s 1;
    %pad/u 5;
    %xnor;
    %add;
    %store/vec4 v0x62f679a82480_0, 0, 5;
    %load/vec4 v0x62f679a822c0_0;
    %addi 1, 0, 32;
    %store/vec4 v0x62f679a822c0_0, 0, 32;
    %jmp T_6.0;
T_6.1 ;
    %jmp T_6;
    .thread T_6, $push;
    .scope S_0x62f679a826d0;
T_7 ;
    %wait E_0x62f679a829d0;
    %pushi/vec4 0, 0, 5;
    %store/vec4 v0x62f679a82c10_0, 0, 5;
    %pushi/vec4 0, 0, 32;
    %store/vec4 v0x62f679a82a50_0, 0, 32;
T_7.0 ;
    %load/vec4 v0x62f679a82a50_0;
    %cmpi/s 10, 0, 32;
    %jmp/0xz T_7.1, 5;
    %load/vec4 v0x62f679a82c10_0;
    %load/vec4 v0x62f679a82b50_0;
    %load/vec4 v0x62f679a82a50_0;
    %part/s 1;
    %pad/u 5;
    %load/vec4 v0x62f679a82d00_0;
    %load/vec4 v0x62f679a82a50_0;
    %part/s 1;
    %pad/u 5;
    %xnor;
    %add;
    %store/vec4 v0x62f679a82c10_0, 0, 5;
    %load/vec4 v0x62f679a82a50_0;
    %addi 1, 0, 32;
    %store/vec4 v0x62f679a82a50_0, 0, 32;
    %jmp T_7.0;
T_7.1 ;
    %jmp T_7;
    .thread T_7, $push;
    .scope S_0x62f679a82e60;
T_8 ;
    %wait E_0x62f679a831a0;
    %pushi/vec4 0, 0, 5;
    %store/vec4 v0x62f679a833e0_0, 0, 5;
    %pushi/vec4 0, 0, 32;
    %store/vec4 v0x62f679a83220_0, 0, 32;
T_8.0 ;
    %load/vec4 v0x62f679a83220_0;
    %cmpi/s 10, 0, 32;
    %jmp/0xz T_8.1, 5;
    %load/vec4 v0x62f679a833e0_0;
    %load/vec4 v0x62f679a83320_0;
    %load/vec4 v0x62f679a83220_0;
    %part/s 1;
    %pad/u 5;
    %load/vec4 v0x62f679a834d0_0;
    %load/vec4 v0x62f679a83220_0;
    %part/s 1;
    %pad/u 5;
    %xnor;
    %add;
    %store/vec4 v0x62f679a833e0_0, 0, 5;
    %load/vec4 v0x62f679a83220_0;
    %addi 1, 0, 32;
    %store/vec4 v0x62f679a83220_0, 0, 32;
    %jmp T_8.0;
T_8.1 ;
    %jmp T_8;
    .thread T_8, $push;
    .scope S_0x62f679a83630;
T_9 ;
    %wait E_0x62f679a83930;
    %pushi/vec4 0, 0, 5;
    %store/vec4 v0x62f679a83b70_0, 0, 5;
    %pushi/vec4 0, 0, 32;
    %store/vec4 v0x62f679a839b0_0, 0, 32;
T_9.0 ;
    %load/vec4 v0x62f679a839b0_0;
    %cmpi/s 10, 0, 32;
    %jmp/0xz T_9.1, 5;
    %load/vec4 v0x62f679a83b70_0;
    %load/vec4 v0x62f679a83ab0_0;
    %load/vec4 v0x62f679a839b0_0;
    %part/s 1;
    %pad/u 5;
    %load/vec4 v0x62f679a83c60_0;
    %load/vec4 v0x62f679a839b0_0;
    %part/s 1;
    %pad/u 5;
    %xnor;
    %add;
    %store/vec4 v0x62f679a83b70_0, 0, 5;
    %load/vec4 v0x62f679a839b0_0;
    %addi 1, 0, 32;
    %store/vec4 v0x62f679a839b0_0, 0, 32;
    %jmp T_9.0;
T_9.1 ;
    %jmp T_9;
    .thread T_9, $push;
    .scope S_0x62f679a42d10;
T_10 ;
    %wait E_0x62f679a37030;
    %pushi/vec4 2, 0, 32;
    %ix/load 4, 9, 0;
    %flag_set/imm 4, 0;
    %load/vec4a v0x62f679a83f60, 4;
    %pad/s 32;
    %cmp/s;
    %flag_get/vec4 4;
    %flag_get/vec4 5;
    %or;
    %pushi/vec4 2, 0, 32;
    %ix/load 4, 8, 0;
    %flag_set/imm 4, 0;
    %load/vec4a v0x62f679a83f60, 4;
    %pad/s 32;
    %cmp/s;
    %flag_get/vec4 4;
    %flag_get/vec4 5;
    %or;
    %concat/vec4; draw_concat_vec4
    %pushi/vec4 2, 0, 32;
    %ix/load 4, 7, 0;
    %flag_set/imm 4, 0;
    %load/vec4a v0x62f679a83f60, 4;
    %pad/s 32;
    %cmp/s;
    %flag_get/vec4 4;
    %flag_get/vec4 5;
    %or;
    %concat/vec4; draw_concat_vec4
    %pushi/vec4 2, 0, 32;
    %ix/load 4, 6, 0;
    %flag_set/imm 4, 0;
    %load/vec4a v0x62f679a83f60, 4;
    %pad/s 32;
    %cmp/s;
    %flag_get/vec4 4;
    %flag_get/vec4 5;
    %or;
    %concat/vec4; draw_concat_vec4
    %pushi/vec4 2, 0, 32;
    %ix/load 4, 5, 0;
    %flag_set/imm 4, 0;
    %load/vec4a v0x62f679a83f60, 4;
    %pad/s 32;
    %cmp/s;
    %flag_get/vec4 4;
    %flag_get/vec4 5;
    %or;
    %concat/vec4; draw_concat_vec4
    %pushi/vec4 2, 0, 32;
    %ix/load 4, 4, 0;
    %flag_set/imm 4, 0;
    %load/vec4a v0x62f679a83f60, 4;
    %pad/s 32;
    %cmp/s;
    %flag_get/vec4 4;
    %flag_get/vec4 5;
    %or;
    %concat/vec4; draw_concat_vec4
    %pushi/vec4 2, 0, 32;
    %ix/load 4, 3, 0;
    %flag_set/imm 4, 0;
    %load/vec4a v0x62f679a83f60, 4;
    %pad/s 32;
    %cmp/s;
    %flag_get/vec4 4;
    %flag_get/vec4 5;
    %or;
    %concat/vec4; draw_concat_vec4
    %pushi/vec4 2, 0, 32;
    %ix/load 4, 2, 0;
    %flag_set/imm 4, 0;
    %load/vec4a v0x62f679a83f60, 4;
    %pad/s 32;
    %cmp/s;
    %flag_get/vec4 4;
    %flag_get/vec4 5;
    %or;
    %concat/vec4; draw_concat_vec4
    %pushi/vec4 2, 0, 32;
    %ix/load 4, 1, 0;
    %flag_set/imm 4, 0;
    %load/vec4a v0x62f679a83f60, 4;
    %pad/s 32;
    %cmp/s;
    %flag_get/vec4 4;
    %flag_get/vec4 5;
    %or;
    %concat/vec4; draw_concat_vec4
    %pushi/vec4 2, 0, 32;
    %ix/load 4, 0, 0;
    %flag_set/imm 4, 0;
    %load/vec4a v0x62f679a83f60, 4;
    %pad/s 32;
    %cmp/s;
    %flag_get/vec4 4;
    %flag_get/vec4 5;
    %or;
    %concat/vec4; draw_concat_vec4
    %store/vec4 v0x62f679a83dc0_0, 0, 10;
    %jmp T_10;
    .thread T_10, $push;
    .scope S_0x62f679a84e70;
T_11 ;
    %wait E_0x62f679a851b0;
    %pushi/vec4 0, 0, 5;
    %store/vec4 v0x62f679a85420_0, 0, 5;
    %pushi/vec4 0, 0, 32;
    %store/vec4 v0x62f679a85230_0, 0, 32;
T_11.0 ;
    %load/vec4 v0x62f679a85230_0;
    %cmpi/s 10, 0, 32;
    %jmp/0xz T_11.1, 5;
    %load/vec4 v0x62f679a85420_0;
    %load/vec4 v0x62f679a85330_0;
    %load/vec4 v0x62f679a85230_0;
    %part/s 1;
    %pad/u 5;
    %load/vec4 v0x62f679a854f0_0;
    %load/vec4 v0x62f679a85230_0;
    %part/s 1;
    %pad/u 5;
    %xnor;
    %add;
    %store/vec4 v0x62f679a85420_0, 0, 5;
    %load/vec4 v0x62f679a85230_0;
    %addi 1, 0, 32;
    %store/vec4 v0x62f679a85230_0, 0, 32;
    %jmp T_11.0;
T_11.1 ;
    %jmp T_11;
    .thread T_11, $push;
    .scope S_0x62f679a85650;
T_12 ;
    %wait E_0x62f679a85950;
    %pushi/vec4 0, 0, 5;
    %store/vec4 v0x62f679a85be0_0, 0, 5;
    %pushi/vec4 0, 0, 32;
    %store/vec4 v0x62f679a859d0_0, 0, 32;
T_12.0 ;
    %load/vec4 v0x62f679a859d0_0;
    %cmpi/s 10, 0, 32;
    %jmp/0xz T_12.1, 5;
    %load/vec4 v0x62f679a85be0_0;
    %load/vec4 v0x62f679a85ad0_0;
    %load/vec4 v0x62f679a859d0_0;
    %part/s 1;
    %pad/u 5;
    %load/vec4 v0x62f679a85ca0_0;
    %load/vec4 v0x62f679a859d0_0;
    %part/s 1;
    %pad/u 5;
    %xnor;
    %add;
    %store/vec4 v0x62f679a85be0_0, 0, 5;
    %load/vec4 v0x62f679a859d0_0;
    %addi 1, 0, 32;
    %store/vec4 v0x62f679a859d0_0, 0, 32;
    %jmp T_12.0;
T_12.1 ;
    %jmp T_12;
    .thread T_12, $push;
    .scope S_0x62f679a85e00;
T_13 ;
    %wait E_0x62f679a86130;
    %pushi/vec4 0, 0, 5;
    %store/vec4 v0x62f679a86350_0, 0, 5;
    %pushi/vec4 0, 0, 32;
    %store/vec4 v0x62f679a86190_0, 0, 32;
T_13.0 ;
    %load/vec4 v0x62f679a86190_0;
    %cmpi/s 10, 0, 32;
    %jmp/0xz T_13.1, 5;
    %load/vec4 v0x62f679a86350_0;
    %load/vec4 v0x62f679a86290_0;
    %load/vec4 v0x62f679a86190_0;
    %part/s 1;
    %pad/u 5;
    %load/vec4 v0x62f679a86440_0;
    %load/vec4 v0x62f679a86190_0;
    %part/s 1;
    %pad/u 5;
    %xnor;
    %add;
    %store/vec4 v0x62f679a86350_0, 0, 5;
    %load/vec4 v0x62f679a86190_0;
    %addi 1, 0, 32;
    %store/vec4 v0x62f679a86190_0, 0, 32;
    %jmp T_13.0;
T_13.1 ;
    %jmp T_13;
    .thread T_13, $push;
    .scope S_0x62f679a865a0;
T_14 ;
    %wait E_0x62f679a868a0;
    %pushi/vec4 0, 0, 5;
    %store/vec4 v0x62f679a86ae0_0, 0, 5;
    %pushi/vec4 0, 0, 32;
    %store/vec4 v0x62f679a86920_0, 0, 32;
T_14.0 ;
    %load/vec4 v0x62f679a86920_0;
    %cmpi/s 10, 0, 32;
    %jmp/0xz T_14.1, 5;
    %load/vec4 v0x62f679a86ae0_0;
    %load/vec4 v0x62f679a86a20_0;
    %load/vec4 v0x62f679a86920_0;
    %part/s 1;
    %pad/u 5;
    %load/vec4 v0x62f679a86bd0_0;
    %load/vec4 v0x62f679a86920_0;
    %part/s 1;
    %pad/u 5;
    %xnor;
    %add;
    %store/vec4 v0x62f679a86ae0_0, 0, 5;
    %load/vec4 v0x62f679a86920_0;
    %addi 1, 0, 32;
    %store/vec4 v0x62f679a86920_0, 0, 32;
    %jmp T_14.0;
T_14.1 ;
    %jmp T_14;
    .thread T_14, $push;
    .scope S_0x62f679a86d30;
T_15 ;
    %wait E_0x62f679a87090;
    %pushi/vec4 0, 0, 5;
    %store/vec4 v0x62f679a872d0_0, 0, 5;
    %pushi/vec4 0, 0, 32;
    %store/vec4 v0x62f679a87110_0, 0, 32;
T_15.0 ;
    %load/vec4 v0x62f679a87110_0;
    %cmpi/s 10, 0, 32;
    %jmp/0xz T_15.1, 5;
    %load/vec4 v0x62f679a872d0_0;
    %load/vec4 v0x62f679a87210_0;
    %load/vec4 v0x62f679a87110_0;
    %part/s 1;
    %pad/u 5;
    %load/vec4 v0x62f679a873c0_0;
    %load/vec4 v0x62f679a87110_0;
    %part/s 1;
    %pad/u 5;
    %xnor;
    %add;
    %store/vec4 v0x62f679a872d0_0, 0, 5;
    %load/vec4 v0x62f679a87110_0;
    %addi 1, 0, 32;
    %store/vec4 v0x62f679a87110_0, 0, 32;
    %jmp T_15.0;
T_15.1 ;
    %jmp T_15;
    .thread T_15, $push;
    .scope S_0x62f679a84b60;
T_16 ;
    %wait E_0x62f679a84e00;
    %pushi/vec4 2, 0, 32;
    %ix/load 4, 4, 0;
    %flag_set/imm 4, 0;
    %load/vec4a v0x62f679a876c0, 4;
    %pad/s 32;
    %cmp/s;
    %flag_get/vec4 4;
    %flag_get/vec4 5;
    %or;
    %pushi/vec4 2, 0, 32;
    %ix/load 4, 3, 0;
    %flag_set/imm 4, 0;
    %load/vec4a v0x62f679a876c0, 4;
    %pad/s 32;
    %cmp/s;
    %flag_get/vec4 4;
    %flag_get/vec4 5;
    %or;
    %concat/vec4; draw_concat_vec4
    %pushi/vec4 2, 0, 32;
    %ix/load 4, 2, 0;
    %flag_set/imm 4, 0;
    %load/vec4a v0x62f679a876c0, 4;
    %pad/s 32;
    %cmp/s;
    %flag_get/vec4 4;
    %flag_get/vec4 5;
    %or;
    %concat/vec4; draw_concat_vec4
    %pushi/vec4 2, 0, 32;
    %ix/load 4, 1, 0;
    %flag_set/imm 4, 0;
    %load/vec4a v0x62f679a876c0, 4;
    %pad/s 32;
    %cmp/s;
    %flag_get/vec4 4;
    %flag_get/vec4 5;
    %or;
    %concat/vec4; draw_concat_vec4
    %pushi/vec4 2, 0, 32;
    %ix/load 4, 0, 0;
    %flag_set/imm 4, 0;
    %load/vec4a v0x62f679a876c0, 4;
    %pad/s 32;
    %cmp/s;
    %flag_get/vec4 4;
    %flag_get/vec4 5;
    %or;
    %concat/vec4; draw_concat_vec4
    %store/vec4 v0x62f679a87520_0, 0, 5;
    %jmp T_16;
    .thread T_16, $push;
    .scope S_0x62f679a39540;
T_17 ;
    %pushi/vec4 682, 0, 10;
    %store/vec4 v0x62f679a891f0_0, 0, 10;
    %pushi/vec4 819, 0, 10;
    %store/vec4 v0x62f679a893e0_0, 0, 10;
    %pushi/vec4 614, 0, 10;
    %store/vec4 v0x62f679a89480_0, 0, 10;
    %pushi/vec4 731, 0, 10;
    %store/vec4 v0x62f679a89540_0, 0, 10;
    %pushi/vec4 60, 0, 10;
    %store/vec4 v0x62f679a89650_0, 0, 10;
    %pushi/vec4 1008, 0, 10;
    %store/vec4 v0x62f679a89710_0, 0, 10;
    %pushi/vec4 15, 0, 10;
    %store/vec4 v0x62f679a897d0_0, 0, 10;
    %pushi/vec4 963, 0, 10;
    %store/vec4 v0x62f679a89890_0, 0, 10;
    %pushi/vec4 422, 0, 10;
    %store/vec4 v0x62f679a89950_0, 0, 10;
    %pushi/vec4 682, 0, 10;
    %store/vec4 v0x62f679a89a10_0, 0, 10;
    %pushi/vec4 435, 0, 10;
    %store/vec4 v0x62f679a89ad0_0, 0, 10;
    %pushi/vec4 816, 0, 10;
    %store/vec4 v0x62f679a89b90_0, 0, 10;
    %pushi/vec4 682, 0, 10;
    %store/vec4 v0x62f679a89c50_0, 0, 10;
    %pushi/vec4 910, 0, 10;
    %store/vec4 v0x62f679a89d10_0, 0, 10;
    %pushi/vec4 113, 0, 10;
    %store/vec4 v0x62f679a89dd0_0, 0, 10;
    %pushi/vec4 438, 0, 10;
    %store/vec4 v0x62f679a89e90_0, 0, 10;
    %delay 10, 0;
    %vpi_call 2 51 "$display", "Output: %b", v0x62f679a892d0_0 {0 0 0};
    %vpi_call 2 52 "$finish" {0 0 0};
    %end;
    .thread T_17;
# The file index is used to find the file name in the following table.
:file_names 7;
    "N/A";
    "<interactive>";
    "tb.v";
    "BNN.v";
    "layer1.v";
    "weighted_sum.v";
    "layer2.v";
